
> cerebro@1.0.0 build
> tsc -b && vite build

[36mvite v5.4.21 [32mbuilding for production...[36m[39m
[32mΓ£ô[39m 0 modules transformed.
x Build failed in 7ms
error during build:
Could not resolve entry module "index.html".
    at getRollupError (file:///C:/Users/user/Desktop/Cerebro/node_modules/rollup/dist/es/shared/parseAst.js:402:41)
    at error (file:///C:/Users/user/Desktop/Cerebro/node_modules/rollup/dist/es/shared/parseAst.js:398:42)
    at ModuleLoader.loadEntryModule (file:///C:/Users/user/Desktop/Cerebro/node_modules/rollup/dist/es/shared/node-entry.js:21708:20)
    at async Promise.all (index 0)
